Archive member included to satisfy reference by file (symbol)

d:/installations/microchip/xc32/v2.50/bin/bin/../../lib/gcc/pic32c/6.2.1/../../../../pic32c/lib/v7e-m/fpv5/hard\libpic32c.a(data_init.o)
                              C:\Users\i14746\AppData\Local\Temp\ccjjPtDm.o (__pic32c_data_initialization)
d:/installations/microchip/xc32/v2.50/bin/bin/../../lib/gcc/pic32c/6.2.1/../../../../pic32c/lib/v7e-m/fpv5/hard\libg_nano.a(lib_a-init.o)
                              C:\Users\i14746\AppData\Local\Temp\ccjjPtDm.o (__libc_init_array)

Microchip PIC32 Memory-Usage Report

ROM Program-Memory Usage
section                    address  length [bytes]      (dec)  Description
-------                 ----------  -------------------------  -----------
.vectors                  0x400000          0x154         340   
.text                     0x400154           0x20          32  App's exec code 
.text                     0x400174          0x150         336  App's exec code 
.text.Reset_Handler       0x4002c4           0x9c         156   
.text.__pic32c_data_ini   0x400360           0x80         128   
.text                     0x4003e0           0x6c         108  App's exec code 
.text.__libc_init_array   0x40044c           0x48          72   
.text                     0x400494           0x40          64  App's exec code 
.dinit                    0x4004d4           0x40          64   
.text.Dummy_Handler       0x400514            0x2           2   
      Total ROM used  :       0x516        1302  0.1% of 0x200000
        --------------------------------------------------------------------------
         Total Program Memory used  :       0x516        1302  0.1% of 0x200000
        --------------------------------------------------------------------------


RAM Data-Memory Usage
section                    address  length [bytes]      (dec)  Description
-------                 ----------  -------------------------  -----------
.bss                    0x20400000           0x24          36  Uninitialized data 
.data                   0x20400024            0x4           4  Initialized data 
.eh_frame               0x20400028            0x4           4   
         Total RAM used  :        0x2c          44  0.0% of 0x60000
        --------------------------------------------------------------------------
            Total Data Memory used  :        0x2c          44  0.0% of 0x60000
        --------------------------------------------------------------------------


Dynamic Data-Memory Reservation
section                    address  length [bytes]      (dec)  Description
-------                 ----------  -------------------------  -----------
heap                    0x20400030           0x10          16  Reserved for heap 
stack                   0x20400058        0x5ff98      393112  Reserved for stack 

        --------------------------------------------------------------------------

Memory Configuration

Name             Origin             Length             Attributes
rom              0x0000000000400000 0x0000000000200000 xrl
ram              0x0000000020400000 0x0000000000060000 xw !r
config_D0000000  0x00000000d0000000 0x0000000000000004
config_D0000004  0x00000000d0000004 0x0000000000000004
config_D0000008  0x00000000d0000008 0x0000000000000004
config_D000000C  0x00000000d000000c 0x0000000000000004
config_D0000010  0x00000000d0000010 0x0000000000000004
*default*        0x0000000000000000 0xffffffffffffffff

Linker script and memory map

LOAD d:/installations/microchip/xc32/v2.50/bin/bin/../../lib/gcc/pic32c/6.2.1/v7e-m/fpv5/hard/crti.o
LOAD d:/installations/microchip/xc32/v2.50/bin/bin/../../lib/gcc/pic32c/6.2.1/v7e-m/fpv5/hard/crtbegin.o
LOAD build/default/debug/newmain.o
                0x0000000000000001                __MPLAB_BUILD = 0x1
                0x0000000000000001                __ICD2RAM = 0x1
                0x0000000000000001                __MPLAB_DEBUG = 0x1
                0x0000000000000001                __DEBUG = 0x1
LOAD C:\Users\i14746\AppData\Local\Temp\ccjjPtDm.o
START GROUP
LOAD d:/installations/microchip/xc32/v2.50/bin/bin/../../lib/gcc/pic32c/6.2.1/../../../../pic32c/lib/v7e-m/fpv5/hard\libpic32c.a
LOAD d:/installations/microchip/xc32/v2.50/bin/bin/../../lib/gcc/pic32c/6.2.1/v7e-m/fpv5/hard\libgcc.a
LOAD d:/installations/microchip/xc32/v2.50/bin/bin/../../lib/gcc/pic32c/6.2.1/../../../../pic32c/lib/v7e-m/fpv5/hard\libg_nano.a
LOAD d:/installations/microchip/xc32/v2.50/bin/bin/../../lib/gcc/pic32c/6.2.1/../../../../pic32c/lib/v7e-m/fpv5/hard\libm_nano.a
LOAD d:/installations/microchip/xc32/v2.50/bin/bin/../../lib/gcc/pic32c/6.2.1/../../../../pic32c/lib/v7e-m/fpv5/hard\libc_nano.a
END GROUP
LOAD d:/installations/microchip/xc32/v2.50/bin/bin/../../lib/gcc/pic32c/6.2.1/v7e-m/fpv5/hard/crtend.o
LOAD d:/installations/microchip/xc32/v2.50/bin/bin/../../lib/gcc/pic32c/6.2.1/v7e-m/fpv5/hard/crtn.o
                0x0000000000600000                __rom_end = (ORIGIN (rom) + LENGTH (rom))
                0x0000000020460000                __ram_end = (ORIGIN (ram) + LENGTH (ram))

.config_D0000000
 *(.config_D0000000)

.config_D0000004
 *(.config_D0000004)

.config_D0000008
 *(.config_D0000008)

.config_D000000C
 *(.config_D000000C)

.config_D0000010
 *(.config_D0000010)

.vectors        0x0000000000400000      0x154
                0x0000000000400000                . = ALIGN (0x4)
                0x0000000000400000                _sfixed = .
 *(.vectors .vectors.* .vectors_default .vectors_default.*)
 .vectors.default
                0x0000000000400000      0x154 C:\Users\i14746\AppData\Local\Temp\ccjjPtDm.o
                0x0000000000400000                exception_table
 *(.isr_vector)
 *(.reset*)
 *(.after_vectors)

.text           0x0000000000400154       0x20
                0x0000000000400154                . = ALIGN (0x4)
 *(.glue_7t)
 .glue_7t       0x0000000000400154        0x0 linker stubs
 *(.glue_7)
 .glue_7        0x0000000000400154        0x0 linker stubs
 *(.gnu.linkonce.r.*)
 *(.ARM.extab* .gnu.linkonce.armextab.*)
                0x0000000000400154                . = ALIGN (0x4)
 *(.init)
 .init          0x0000000000400154        0x4 d:/installations/microchip/xc32/v2.50/bin/bin/../../lib/gcc/pic32c/6.2.1/v7e-m/fpv5/hard/crti.o
                0x0000000000400154                _init
 .init          0x0000000000400158        0x8 d:/installations/microchip/xc32/v2.50/bin/bin/../../lib/gcc/pic32c/6.2.1/v7e-m/fpv5/hard/crtn.o
                0x0000000000400160                . = ALIGN (0x4)
                0x0000000000400160                __preinit_array_start = .
 *(.preinit_array)
                0x0000000000400160                __preinit_array_end = .
                0x0000000000400160                . = ALIGN (0x4)
                0x0000000000400160                __init_array_start = .
 *(SORT(.init_array.*))
 *(.init_array)
 .init_array    0x0000000000400160        0x4 d:/installations/microchip/xc32/v2.50/bin/bin/../../lib/gcc/pic32c/6.2.1/v7e-m/fpv5/hard/crtbegin.o
                0x0000000000400164                __init_array_end = .
                0x0000000000400164                . = ALIGN (0x4)
 *crtbegin.o(.ctors)
 *(EXCLUDE_FILE(*crtend.o) .ctors)
 *(SORT(.ctors.*))
 *crtend.o(.ctors)
                0x0000000000400164                . = ALIGN (0x4)
 *(.fini)
 .fini          0x0000000000400164        0x4 d:/installations/microchip/xc32/v2.50/bin/bin/../../lib/gcc/pic32c/6.2.1/v7e-m/fpv5/hard/crti.o
                0x0000000000400164                _fini
 .fini          0x0000000000400168        0x8 d:/installations/microchip/xc32/v2.50/bin/bin/../../lib/gcc/pic32c/6.2.1/v7e-m/fpv5/hard/crtn.o
                0x0000000000400170                . = ALIGN (0x4)
                0x0000000000400170                __fini_array_start = .
 *(.fini_array)
 .fini_array    0x0000000000400170        0x4 d:/installations/microchip/xc32/v2.50/bin/bin/../../lib/gcc/pic32c/6.2.1/v7e-m/fpv5/hard/crtbegin.o
 *(SORT(.fini_array.*))
                0x0000000000400174                __fini_array_end = .
 *crtbegin.o(.dtors)
 *(EXCLUDE_FILE(*crtend.o) .dtors)
 *(SORT(.dtors.*))
 *crtend.o(.dtors)
                0x0000000000400174                . = ALIGN (0x4)
                0x0000000000400174                _efixed = .
                [!provide]                        PROVIDE (__exidx_start, .)

.ARM.exidx
 *(.ARM.exidx* .gnu.linkonce.armexidx.*)
                [!provide]                        PROVIDE (__exidx_end, .)
                0x0000000000400174                . = ALIGN (0x4)
                0x0000000000400174                _etext = .

.bss            0x0000000020400000        0x0
                0x0000000020400000                . = ALIGN (0x4)
                0x0000000020400000                __bss_start__ = .
                0x0000000020400000                _sbss = .
                0x0000000020400000                _szero = .
 *(COMMON)
                0x0000000020400000                . = ALIGN (0x4)
                0x0000000020400000                __bss_end__ = .
                0x0000000020400000                _ebss = .
                0x0000000020400000                _ezero = .
                0x0000000020400000                . = ALIGN (0x4)
                0x0000000020400000                _end = .
                0x000000002045ffff                _ram_end_ = ((ORIGIN (ram) + LENGTH (ram)) - 0x1)
OUTPUT(dist/default/debug/xpress-same70q21.X.debug.elf elf32-littlearm)
LOAD stack
LOAD data_init

.ARM.attributes
                0x0000000000000000       0x30
 .ARM.attributes
                0x0000000000000000       0x20 d:/installations/microchip/xc32/v2.50/bin/bin/../../lib/gcc/pic32c/6.2.1/v7e-m/fpv5/hard/crti.o
 .ARM.attributes
                0x0000000000000020       0x32 d:/installations/microchip/xc32/v2.50/bin/bin/../../lib/gcc/pic32c/6.2.1/v7e-m/fpv5/hard/crtbegin.o
 .ARM.attributes
                0x0000000000000052       0x37 build/default/debug/newmain.o
 .ARM.attributes
                0x0000000000000089       0x37 C:\Users\i14746\AppData\Local\Temp\ccjjPtDm.o
 .ARM.attributes
                0x00000000000000c0       0x32 d:/installations/microchip/xc32/v2.50/bin/bin/../../lib/gcc/pic32c/6.2.1/../../../../pic32c/lib/v7e-m/fpv5/hard\libpic32c.a(data_init.o)
 .ARM.attributes
                0x00000000000000f2       0x32 d:/installations/microchip/xc32/v2.50/bin/bin/../../lib/gcc/pic32c/6.2.1/../../../../pic32c/lib/v7e-m/fpv5/hard\libg_nano.a(lib_a-init.o)
 .ARM.attributes
                0x0000000000000124       0x32 d:/installations/microchip/xc32/v2.50/bin/bin/../../lib/gcc/pic32c/6.2.1/v7e-m/fpv5/hard/crtend.o
 .ARM.attributes
                0x0000000000000156       0x20 d:/installations/microchip/xc32/v2.50/bin/bin/../../lib/gcc/pic32c/6.2.1/v7e-m/fpv5/hard/crtn.o

.comment        0x0000000000000000       0x3c
 .comment       0x0000000000000000       0x3c d:/installations/microchip/xc32/v2.50/bin/bin/../../lib/gcc/pic32c/6.2.1/v7e-m/fpv5/hard/crtbegin.o
                                         0x3d (size before relaxing)
 .comment       0x000000000000003c       0x3d build/default/debug/newmain.o
 .comment       0x000000000000003c       0x3d C:\Users\i14746\AppData\Local\Temp\ccjjPtDm.o
 .comment       0x000000000000003c       0x3d d:/installations/microchip/xc32/v2.50/bin/bin/../../lib/gcc/pic32c/6.2.1/../../../../pic32c/lib/v7e-m/fpv5/hard\libpic32c.a(data_init.o)
 .comment       0x000000000000003c       0x3d d:/installations/microchip/xc32/v2.50/bin/bin/../../lib/gcc/pic32c/6.2.1/../../../../pic32c/lib/v7e-m/fpv5/hard\libg_nano.a(lib_a-init.o)
 .comment       0x000000000000003c       0x3d d:/installations/microchip/xc32/v2.50/bin/bin/../../lib/gcc/pic32c/6.2.1/v7e-m/fpv5/hard/crtend.o

.debug_info     0x0000000000000000     0x2b84
 .debug_info    0x0000000000000000      0xe71 build/default/debug/newmain.o
 .debug_info    0x0000000000000e71     0x165c C:\Users\i14746\AppData\Local\Temp\ccjjPtDm.o
 .debug_info    0x00000000000024cd      0x296 d:/installations/microchip/xc32/v2.50/bin/bin/../../lib/gcc/pic32c/6.2.1/../../../../pic32c/lib/v7e-m/fpv5/hard\libpic32c.a(data_init.o)
 .debug_info    0x0000000000002763      0x421 d:/installations/microchip/xc32/v2.50/bin/bin/../../lib/gcc/pic32c/6.2.1/../../../../pic32c/lib/v7e-m/fpv5/hard\libg_nano.a(lib_a-init.o)

.debug_abbrev   0x0000000000000000      0x4cb
 .debug_abbrev  0x0000000000000000      0x1d4 build/default/debug/newmain.o
 .debug_abbrev  0x00000000000001d4      0x22a C:\Users\i14746\AppData\Local\Temp\ccjjPtDm.o
 .debug_abbrev  0x00000000000003fe       0x2a d:/installations/microchip/xc32/v2.50/bin/bin/../../lib/gcc/pic32c/6.2.1/../../../../pic32c/lib/v7e-m/fpv5/hard\libpic32c.a(data_init.o)
 .debug_abbrev  0x0000000000000428       0xa3 d:/installations/microchip/xc32/v2.50/bin/bin/../../lib/gcc/pic32c/6.2.1/../../../../pic32c/lib/v7e-m/fpv5/hard\libg_nano.a(lib_a-init.o)

.debug_loc      0x0000000000000000      0x1c0
 .debug_loc     0x0000000000000000       0xac build/default/debug/newmain.o
 .debug_loc     0x00000000000000ac       0xa0 C:\Users\i14746\AppData\Local\Temp\ccjjPtDm.o
 .debug_loc     0x000000000000014c       0x74 d:/installations/microchip/xc32/v2.50/bin/bin/../../lib/gcc/pic32c/6.2.1/../../../../pic32c/lib/v7e-m/fpv5/hard\libg_nano.a(lib_a-init.o)

.debug_aranges  0x0000000000000000       0x90
 .debug_aranges
                0x0000000000000000       0x20 build/default/debug/newmain.o
 .debug_aranges
                0x0000000000000020       0x30 C:\Users\i14746\AppData\Local\Temp\ccjjPtDm.o
 .debug_aranges
                0x0000000000000050       0x20 d:/installations/microchip/xc32/v2.50/bin/bin/../../lib/gcc/pic32c/6.2.1/../../../../pic32c/lib/v7e-m/fpv5/hard\libpic32c.a(data_init.o)
 .debug_aranges
                0x0000000000000070       0x20 d:/installations/microchip/xc32/v2.50/bin/bin/../../lib/gcc/pic32c/6.2.1/../../../../pic32c/lib/v7e-m/fpv5/hard\libg_nano.a(lib_a-init.o)

.debug_line     0x0000000000000000      0x681
 .debug_line    0x0000000000000000      0x135 build/default/debug/newmain.o
 .debug_line    0x0000000000000135      0x357 C:\Users\i14746\AppData\Local\Temp\ccjjPtDm.o
 .debug_line    0x000000000000048c       0xd8 d:/installations/microchip/xc32/v2.50/bin/bin/../../lib/gcc/pic32c/6.2.1/../../../../pic32c/lib/v7e-m/fpv5/hard\libpic32c.a(data_init.o)
 .debug_line    0x0000000000000564      0x11d d:/installations/microchip/xc32/v2.50/bin/bin/../../lib/gcc/pic32c/6.2.1/../../../../pic32c/lib/v7e-m/fpv5/hard\libg_nano.a(lib_a-init.o)

.debug_str      0x0000000000000000       0x14
 .debug_str     0x0000000000000000        0xe build/default/debug/newmain.o
 .debug_str     0x000000000000000e        0x6 C:\Users\i14746\AppData\Local\Temp\ccjjPtDm.o
 .debug_str     0x0000000000000014        0x0 d:/installations/microchip/xc32/v2.50/bin/bin/../../lib/gcc/pic32c/6.2.1/../../../../pic32c/lib/v7e-m/fpv5/hard\libpic32c.a(data_init.o)
 .debug_str     0x0000000000000014        0x0 d:/installations/microchip/xc32/v2.50/bin/bin/../../lib/gcc/pic32c/6.2.1/../../../../pic32c/lib/v7e-m/fpv5/hard\libg_nano.a(lib_a-init.o)

.debug_frame    0x0000000000000000      0x13c
 .debug_frame   0x0000000000000000       0x5c build/default/debug/newmain.o
 .debug_frame   0x000000000000005c       0x88 C:\Users\i14746\AppData\Local\Temp\ccjjPtDm.o
 .debug_frame   0x00000000000000e4       0x2c d:/installations/microchip/xc32/v2.50/bin/bin/../../lib/gcc/pic32c/6.2.1/../../../../pic32c/lib/v7e-m/fpv5/hard\libpic32c.a(data_init.o)
 .debug_frame   0x0000000000000110       0x2c d:/installations/microchip/xc32/v2.50/bin/bin/../../lib/gcc/pic32c/6.2.1/../../../../pic32c/lib/v7e-m/fpv5/hard\libg_nano.a(lib_a-init.o)

.debug_ranges   0x0000000000000000       0x40
 .debug_ranges  0x0000000000000000       0x20 C:\Users\i14746\AppData\Local\Temp\ccjjPtDm.o
 .debug_ranges  0x0000000000000020       0x10 d:/installations/microchip/xc32/v2.50/bin/bin/../../lib/gcc/pic32c/6.2.1/../../../../pic32c/lib/v7e-m/fpv5/hard\libpic32c.a(data_init.o)
 .debug_ranges  0x0000000000000030       0x10 d:/installations/microchip/xc32/v2.50/bin/bin/../../lib/gcc/pic32c/6.2.1/../../../../pic32c/lib/v7e-m/fpv5/hard\libg_nano.a(lib_a-init.o)

.stack          0x0000000020400058      0x100
 .stack         0x0000000020400058      0x100 stack

.bss%1          0x0000000020400000       0x24
 .bss           0x0000000020400000       0x1c d:/installations/microchip/xc32/v2.50/bin/bin/../../lib/gcc/pic32c/6.2.1/v7e-m/fpv5/hard/crtbegin.o
 .bss           0x000000002040001c        0x8 C:\Users\i14746\AppData\Local\Temp\ccjjPtDm.o

.data%3         0x0000000020400024        0x4
 .data          0x0000000020400024        0x4 d:/installations/microchip/xc32/v2.50/bin/bin/../../lib/gcc/pic32c/6.2.1/v7e-m/fpv5/hard/crtbegin.o
                0x0000000020400024                __dso_handle

.eh_frame%4     0x0000000020400028        0x4
 .eh_frame      0x0000000020400028        0x4 d:/installations/microchip/xc32/v2.50/bin/bin/../../lib/gcc/pic32c/6.2.1/v7e-m/fpv5/hard/crtend.o

.bss%z1         0x0000000000000000        0x0
 .bss           0x0000000000000000        0x0 d:/installations/microchip/xc32/v2.50/bin/bin/../../lib/gcc/pic32c/6.2.1/v7e-m/fpv5/hard/crtn.o

.data%z2        0x0000000000000000        0x0
 .data          0x0000000000000000        0x0 d:/installations/microchip/xc32/v2.50/bin/bin/../../lib/gcc/pic32c/6.2.1/v7e-m/fpv5/hard/crtn.o

.bss%z3         0x0000000000000000        0x0
 .bss           0x0000000000000000        0x0 d:/installations/microchip/xc32/v2.50/bin/bin/../../lib/gcc/pic32c/6.2.1/v7e-m/fpv5/hard/crtend.o

.data%z4        0x0000000000000000        0x0
 .data          0x0000000000000000        0x0 d:/installations/microchip/xc32/v2.50/bin/bin/../../lib/gcc/pic32c/6.2.1/v7e-m/fpv5/hard/crtend.o

.bss%z5         0x0000000000000000        0x0
 .bss           0x0000000000000000        0x0 d:/installations/microchip/xc32/v2.50/bin/bin/../../lib/gcc/pic32c/6.2.1/../../../../pic32c/lib/v7e-m/fpv5/hard\libg_nano.a(lib_a-init.o)

.data%z6        0x0000000000000000        0x0
 .data          0x0000000000000000        0x0 d:/installations/microchip/xc32/v2.50/bin/bin/../../lib/gcc/pic32c/6.2.1/../../../../pic32c/lib/v7e-m/fpv5/hard\libg_nano.a(lib_a-init.o)

.bss%z7         0x0000000000000000        0x0
 .bss           0x0000000000000000        0x0 d:/installations/microchip/xc32/v2.50/bin/bin/../../lib/gcc/pic32c/6.2.1/../../../../pic32c/lib/v7e-m/fpv5/hard\libpic32c.a(data_init.o)

.data%z8        0x0000000000000000        0x0
 .data          0x0000000000000000        0x0 d:/installations/microchip/xc32/v2.50/bin/bin/../../lib/gcc/pic32c/6.2.1/../../../../pic32c/lib/v7e-m/fpv5/hard\libpic32c.a(data_init.o)

.data%z9        0x0000000000000000        0x0
 .data          0x0000000000000000        0x0 C:\Users\i14746\AppData\Local\Temp\ccjjPtDm.o

.bss%z10        0x0000000000000000        0x0
 .bss           0x0000000000000000        0x0 build/default/debug/newmain.o

.data%z11       0x0000000000000000        0x0
 .data          0x0000000000000000        0x0 build/default/debug/newmain.o

.eh_frame%z12   0x0000000000000000        0x0
 .eh_frame      0x0000000000000000        0x0 d:/installations/microchip/xc32/v2.50/bin/bin/../../lib/gcc/pic32c/6.2.1/v7e-m/fpv5/hard/crtbegin.o

.bss%z13        0x0000000000000000        0x0
 .bss           0x0000000000000000        0x0 d:/installations/microchip/xc32/v2.50/bin/bin/../../lib/gcc/pic32c/6.2.1/v7e-m/fpv5/hard/crti.o

.data%z14       0x0000000000000000        0x0
 .data          0x0000000000000000        0x0 d:/installations/microchip/xc32/v2.50/bin/bin/../../lib/gcc/pic32c/6.2.1/v7e-m/fpv5/hard/crti.o

.text%5         0x0000000000400174      0x150
 .text          0x0000000000400174      0x150 C:\Users\i14746\AppData\Local\Temp\ccjjPtDm.o

.text.Reset_Handler%6
                0x00000000004002c4       0x9c
 .text.Reset_Handler
                0x00000000004002c4       0x9c C:\Users\i14746\AppData\Local\Temp\ccjjPtDm.o
                0x00000000004002c4                Reset_Handler

.text.__pic32c_data_initialization%7
                0x0000000000400360       0x80
 .text.__pic32c_data_initialization
                0x0000000000400360       0x80 d:/installations/microchip/xc32/v2.50/bin/bin/../../lib/gcc/pic32c/6.2.1/../../../../pic32c/lib/v7e-m/fpv5/hard\libpic32c.a(data_init.o)
                0x0000000000400360                __pic32c_data_initialization

.text%8         0x00000000004003e0       0x6c
 .text          0x00000000004003e0       0x6c build/default/debug/newmain.o
                0x00000000004003e0                main
                0x0000000000400428                add

.text.__libc_init_array%9
                0x000000000040044c       0x48
 .text.__libc_init_array
                0x000000000040044c       0x48 d:/installations/microchip/xc32/v2.50/bin/bin/../../lib/gcc/pic32c/6.2.1/../../../../pic32c/lib/v7e-m/fpv5/hard\libg_nano.a(lib_a-init.o)
                0x000000000040044c                __libc_init_array

.text%10        0x0000000000400494       0x40
 .text          0x0000000000400494       0x40 d:/installations/microchip/xc32/v2.50/bin/bin/../../lib/gcc/pic32c/6.2.1/v7e-m/fpv5/hard/crtbegin.o

.dinit%11       0x00000000004004d4       0x40
 .dinit         0x00000000004004d4       0x40 data_init

.text.Dummy_Handler%12
                0x0000000000400514        0x2
 .text.Dummy_Handler
                0x0000000000400514        0x2 C:\Users\i14746\AppData\Local\Temp\ccjjPtDm.o
                0x0000000000400514                DACC_Handler
                0x0000000000400514                SVCall_Handler
                0x0000000000400514                Reserved65_Handler
                0x0000000000400514                UART3_Handler
                0x0000000000400514                UART2_Handler
                0x0000000000400514                TRNG_Handler
                0x0000000000400514                HardFault_Handler
                0x0000000000400514                TC2_Handler
                0x0000000000400514                SysTick_Handler
                0x0000000000400514                AFEC1_Handler
                0x0000000000400514                PendSV_Handler
                0x0000000000400514                TC7_Handler
                0x0000000000400514                Reserved9_Handler
                0x0000000000400514                QSPI_Handler
                0x0000000000400514                NonMaskableInt_Handler
                0x0000000000400514                ISI_Handler
                0x0000000000400514                MCAN0_INT0_Handler
                0x0000000000400514                TC9_Handler
                0x0000000000400514                RSWDT_Handler
                0x0000000000400514                USART0_Handler
                0x0000000000400514                RTT_Handler
                0x0000000000400514                USBHS_Handler
                0x0000000000400514                IXC_Handler
                0x0000000000400514                Reserved55_Handler
                0x0000000000400514                PIOB_Handler
                0x0000000000400514                RTC_Handler
                0x0000000000400514                UsageFault_Handler
                0x0000000000400514                TC6_Handler
                0x0000000000400514                WDT_Handler
                0x0000000000400514                MCAN1_INT1_Handler
                0x0000000000400514                TC4_Handler
                0x0000000000400514                TC1_Handler
                0x0000000000400514                HSMCI_Handler
                0x0000000000400514                UART1_Handler
                0x0000000000400514                TC3_Handler
                0x0000000000400514                Dummy_Handler
                0x0000000000400514                TWIHS1_Handler
                0x0000000000400514                XDMAC_Handler
                0x0000000000400514                UART4_Handler
                0x0000000000400514                PWM1_Handler
                0x0000000000400514                USART1_Handler
                0x0000000000400514                PWM0_Handler
                0x0000000000400514                PIOA_Handler
                0x0000000000400514                AFEC0_Handler
                0x0000000000400514                TC11_Handler
                0x0000000000400514                SSC_Handler
                0x0000000000400514                ACC_Handler
                0x0000000000400514                PMC_Handler
                0x0000000000400514                GMAC_Handler
                0x0000000000400514                MCAN0_INT1_Handler
                0x0000000000400514                SUPC_Handler
                0x0000000000400514                TC8_Handler
                0x0000000000400514                MCAN1_INT0_Handler
                0x0000000000400514                EFC_Handler
                0x0000000000400514                GMAC_Q1_Handler
                0x0000000000400514                USART2_Handler
                0x0000000000400514                SDRAMC_Handler
                0x0000000000400514                GMAC_Q2_Handler
                0x0000000000400514                PIOE_Handler
                0x0000000000400514                SPI1_Handler
                0x0000000000400514                TC10_Handler
                0x0000000000400514                PIOD_Handler
                0x0000000000400514                TWIHS2_Handler
                0x0000000000400514                UART0_Handler
                0x0000000000400514                Reserved53_Handler
                0x0000000000400514                PIOC_Handler
                0x0000000000400514                Reserved64_Handler
                0x0000000000400514                FPU_Handler
                0x0000000000400514                BusFault_Handler
                0x0000000000400514                RSTC_Handler
                0x0000000000400514                TC0_Handler
                0x0000000000400514                MemoryManagement_Handler
                0x0000000000400514                Reserved54_Handler
                0x0000000000400514                DebugMonitor_Handler
                0x0000000000400514                TC5_Handler
                0x0000000000400514                AES_Handler
                0x0000000000400514                ICM_Handler
                0x0000000000400514                TWIHS0_Handler
                0x0000000000400514                SPI0_Handler

.text%z15       0x0000000000000000        0x0
 .text          0x0000000000000000        0x0 d:/installations/microchip/xc32/v2.50/bin/bin/../../lib/gcc/pic32c/6.2.1/v7e-m/fpv5/hard/crtn.o

.text%z16       0x0000000000000000        0x0
 .text          0x0000000000000000        0x0 d:/installations/microchip/xc32/v2.50/bin/bin/../../lib/gcc/pic32c/6.2.1/v7e-m/fpv5/hard/crtend.o

.text%z17       0x0000000000000000        0x0
 .text          0x0000000000000000        0x0 d:/installations/microchip/xc32/v2.50/bin/bin/../../lib/gcc/pic32c/6.2.1/../../../../pic32c/lib/v7e-m/fpv5/hard\libg_nano.a(lib_a-init.o)

.text%z18       0x0000000000000000        0x0
 .text          0x0000000000000000        0x0 d:/installations/microchip/xc32/v2.50/bin/bin/../../lib/gcc/pic32c/6.2.1/../../../../pic32c/lib/v7e-m/fpv5/hard\libpic32c.a(data_init.o)

.text%z19       0x0000000000000000        0x0
 .text          0x0000000000000000        0x0 d:/installations/microchip/xc32/v2.50/bin/bin/../../lib/gcc/pic32c/6.2.1/v7e-m/fpv5/hard/crti.o
